2025-10-01 22:41:17.404 [ForkJoinPool.commonPool-worker-1] INFO  c.m.s.m.dao.impl.UpFileDao - insert into upfilestatus(id, status) values(?, ?);
2025-10-01 23:03:39.064 [JavaFX Application Thread] INFO  c.m.s.m.d.impl.ImportReceiptDaoImpl - UPDATE import_receipt set invoice = ?, create_at = ?, delivered_by = ?, invoice_number = ?, company_name = ?, warehouse_name = ?, total_price = ?, total_price_in_word = ?  where id = ?
2025-10-01 23:03:39.067 [JavaFX Application Thread] INFO  c.m.s.m.dao.impl.ExportPriceDaoImpl - Update export_price set export_time = ? where import_receipt_id = ?
2025-10-01 23:06:44.542 [ForkJoinPool.commonPool-worker-1] INFO  c.m.s.m.dao.impl.UpFileDao - insert into upfilestatus(id, status) values(?, ?);
2025-10-01 23:07:59.826 [JavaFX Application Thread] INFO  c.m.s.m.d.impl.ImportReceiptDaoImpl - UPDATE import_receipt set invoice = ?, create_at = ?, delivered_by = ?, invoice_number = ?, company_name = ?, warehouse_name = ?, total_price = ?, total_price_in_word = ?  where id = ?
2025-10-01 23:07:59.829 [JavaFX Application Thread] INFO  c.m.s.m.dao.impl.ExportPriceDaoImpl - Update export_price set export_time = ? where import_receipt_id = ?
2025-10-01 23:15:28.246 [ForkJoinPool.commonPool-worker-1] INFO  c.m.s.m.dao.impl.UpFileDao - insert into upfilestatus(id, status) values(?, ?);
2025-10-01 23:16:14.233 [JavaFX Application Thread] INFO  c.m.s.m.d.impl.ImportReceiptDaoImpl - UPDATE import_receipt set invoice = ?, create_at = ?, delivered_by = ?, invoice_number = ?, company_name = ?, warehouse_name = ?, total_price = ?, total_price_in_word = ?  where id = ?
2025-10-01 23:16:14.236 [JavaFX Application Thread] INFO  c.m.s.m.dao.impl.ExportPriceDaoImpl - Update export_price set export_time = ? where import_receipt_id = ?
2025-10-01 23:16:14.245 [JavaFX Application Thread] ERROR c.m.s.m.d.i.ExportReceiptDetailDaoImpl - SQL Exception while querying database with sql: select sum(DB.EXPORT_RECEIPT_DETAIL.ORIGINAL_UNIT_PRICE * DB.EXPORT_RECEIPT_DETAIL.ACTUAL_QUANTITY) from DB.EXPORT_RECEIPT_DETAIL as total_price 
 join DB.EXPORT_PRICE on
 DB.EXPORT_RECEIPT_DETAIL.EXPORT_PRICE_ID  = DB.EXPORT_PRICE.id
 join DB.EXPORT_RECEIPT on
 DB.EXPORT_RECEIPT.id = DB.EXPORT_RECEIPT_DETAIL.EXPORT_RECEIPT_ID
 where DB.EXPORT_PRICE.EXPORT_TIME = ?  and CAST(PARSEDATETIME(DB.EXPORT_RECEIPT.CREATE_AT, 'dd/MM/yyyy HH:mm:ss') AS TIMESTAMP) >= CAST(PARSEDATETIME(?, 'dd/MM/yyyy HH:mm:ss') AS TIMESTAMP);
org.h2.jdbc.JdbcSQLSyntaxErrorException: Column "DB.EXPORT_RECEIPT_DETAIL.ORIGINAL_UNIT_PRICE" not found; SQL statement:
select sum(DB.EXPORT_RECEIPT_DETAIL.ORIGINAL_UNIT_PRICE * DB.EXPORT_RECEIPT_DETAIL.ACTUAL_QUANTITY) from DB.EXPORT_RECEIPT_DETAIL as total_price 
 join DB.EXPORT_PRICE on
 DB.EXPORT_RECEIPT_DETAIL.EXPORT_PRICE_ID  = DB.EXPORT_PRICE.id
 join DB.EXPORT_RECEIPT on
 DB.EXPORT_RECEIPT.id = DB.EXPORT_RECEIPT_DETAIL.EXPORT_RECEIPT_ID
 where DB.EXPORT_PRICE.EXPORT_TIME = ?  and CAST(PARSEDATETIME(DB.EXPORT_RECEIPT.CREATE_AT, 'dd/MM/yyyy HH:mm:ss') AS TIMESTAMP) >= CAST(PARSEDATETIME(?, 'dd/MM/yyyy HH:mm:ss') AS TIMESTAMP); [42122-222]
	at com.h2database@2.2.222/org.h2.message.DbException.getJdbcSQLException(DbException.java:514)
	at com.h2database@2.2.222/org.h2.message.DbException.getJdbcSQLException(DbException.java:489)
	at com.h2database@2.2.222/org.h2.message.DbException.get(DbException.java:223)
	at com.h2database@2.2.222/org.h2.message.DbException.get(DbException.java:199)
	at com.h2database@2.2.222/org.h2.expression.ExpressionColumn.getColumnException(ExpressionColumn.java:244)
	at com.h2database@2.2.222/org.h2.expression.ExpressionColumn.optimizeOther(ExpressionColumn.java:226)
	at com.h2database@2.2.222/org.h2.expression.ExpressionColumn.optimize(ExpressionColumn.java:213)
	at com.h2database@2.2.222/org.h2.expression.BinaryOperation.optimize(BinaryOperation.java:131)
	at com.h2database@2.2.222/org.h2.expression.aggregate.AbstractAggregate.optimize(AbstractAggregate.java:101)
	at com.h2database@2.2.222/org.h2.expression.aggregate.Aggregate.optimize(Aggregate.java:948)
	at com.h2database@2.2.222/org.h2.command.query.Select.prepareExpressions(Select.java:1170)
	at com.h2database@2.2.222/org.h2.command.query.Query.prepare(Query.java:218)
	at com.h2database@2.2.222/org.h2.command.Parser.prepareCommand(Parser.java:489)
	at com.h2database@2.2.222/org.h2.engine.SessionLocal.prepareLocal(SessionLocal.java:639)
	at com.h2database@2.2.222/org.h2.engine.SessionLocal.prepareCommand(SessionLocal.java:559)
	at com.h2database@2.2.222/org.h2.jdbc.JdbcConnection.prepareCommand(JdbcConnection.java:1166)
	at com.h2database@2.2.222/org.h2.jdbc.JdbcPreparedStatement.<init>(JdbcPreparedStatement.java:93)
	at com.h2database@2.2.222/org.h2.jdbc.JdbcConnection.prepareStatement(JdbcConnection.java:316)
	at com.manager.stock.manager_stock@1.0-SNAPSHOT/com.manager.stock.manager_stock.dao.impl.AbstractDao.query(AbstractDao.java:76)
	at com.manager.stock.manager_stock@1.0-SNAPSHOT/com.manager.stock.manager_stock.dao.impl.ExportReceiptDetailDaoImpl.calculateTotalPriceByImportDate(ExportReceiptDetailDaoImpl.java:134)
	at com.manager.stock.manager_stock@1.0-SNAPSHOT/com.manager.stock.manager_stock.service.impl.ExportReceiptDetailServiceImpl.calculateExportPriceTotalByImportDate(ExportReceiptDetailServiceImpl.java:50)
	at com.manager.stock.manager_stock@1.0-SNAPSHOT/com.manager.stock.manager_stock.screen.transaction.presenter.ImportReceiptPresenter.updateForeignExportDetail(ImportReceiptPresenter.java:486)
	at com.manager.stock.manager_stock@1.0-SNAPSHOT/com.manager.stock.manager_stock.screen.transaction.presenter.ImportReceiptPresenter.updateImportReceipt(ImportReceiptPresenter.java:145)
	at com.manager.stock.manager_stock@1.0-SNAPSHOT/com.manager.stock.manager_stock.screen.transaction.AddOrUpdateImportReceiptScreen.lambda$createTableItemDetailByReceipt$16(AddOrUpdateImportReceiptScreen.java:417)
	at javafx.base/com.sun.javafx.event.CompositeEventHandler.dispatchBubblingEvent(CompositeEventHandler.java:86)
	at javafx.base/com.sun.javafx.event.EventHandlerManager.dispatchBubblingEvent(EventHandlerManager.java:234)
	at javafx.base/com.sun.javafx.event.EventHandlerManager.dispatchBubblingEvent(EventHandlerManager.java:191)
	at javafx.base/com.sun.javafx.event.CompositeEventDispatcher.dispatchBubblingEvent(CompositeEventDispatcher.java:59)
	at javafx.base/com.sun.javafx.event.BasicEventDispatcher.dispatchEvent(BasicEventDispatcher.java:58)
	at javafx.base/com.sun.javafx.event.EventDispatchChainImpl.dispatchEvent(EventDispatchChainImpl.java:114)
	at javafx.base/com.sun.javafx.event.BasicEventDispatcher.dispatchEvent(BasicEventDispatcher.java:56)
	at javafx.base/com.sun.javafx.event.EventDispatchChainImpl.dispatchEvent(EventDispatchChainImpl.java:114)
	at javafx.base/com.sun.javafx.event.BasicEventDispatcher.dispatchEvent(BasicEventDispatcher.java:56)
	at javafx.base/com.sun.javafx.event.EventDispatchChainImpl.dispatchEvent(EventDispatchChainImpl.java:114)
	at javafx.base/com.sun.javafx.event.EventUtil.fireEventImpl(EventUtil.java:74)
	at javafx.base/com.sun.javafx.event.EventUtil.fireEvent(EventUtil.java:54)
	at javafx.base/javafx.event.Event.fireEvent(Event.java:198)
	at javafx.graphics/javafx.scene.Scene$ClickGenerator.postProcess(Scene.java:3602)
	at javafx.graphics/javafx.scene.Scene$MouseHandler.process(Scene.java:3906)
	at javafx.graphics/javafx.scene.Scene.processMouseEvent(Scene.java:1878)
	at javafx.graphics/javafx.scene.Scene$ScenePeerListener.mouseEvent(Scene.java:2623)
	at javafx.graphics/com.sun.javafx.tk.quantum.GlassViewEventHandler$MouseEventNotification.run(GlassViewEventHandler.java:411)
	at javafx.graphics/com.sun.javafx.tk.quantum.GlassViewEventHandler$MouseEventNotification.run(GlassViewEventHandler.java:301)
	at java.base/java.security.AccessController.doPrivileged(AccessController.java:399)
	at javafx.graphics/com.sun.javafx.tk.quantum.GlassViewEventHandler.lambda$handleMouseEvent$2(GlassViewEventHandler.java:450)
	at javafx.graphics/com.sun.javafx.tk.quantum.QuantumToolkit.runWithoutRenderLock(QuantumToolkit.java:424)
	at javafx.graphics/com.sun.javafx.tk.quantum.GlassViewEventHandler.handleMouseEvent(GlassViewEventHandler.java:449)
	at javafx.graphics/com.sun.glass.ui.View.handleMouseEvent(View.java:557)
	at javafx.graphics/com.sun.glass.ui.View.notifyMouse(View.java:943)
	at javafx.graphics/com.sun.glass.ui.win.WinApplication._runLoop(Native Method)
	at javafx.graphics/com.sun.glass.ui.win.WinApplication.lambda$runLoop$3(WinApplication.java:184)
	at java.base/java.lang.Thread.run(Thread.java:842)
2025-10-01 23:22:06.405 [ForkJoinPool.commonPool-worker-1] INFO  c.m.s.m.dao.impl.UpFileDao - insert into upfilestatus(id, status) values(?, ?);
2025-10-01 23:22:19.849 [JavaFX Application Thread] INFO  c.m.s.m.d.impl.ImportReceiptDaoImpl - UPDATE import_receipt set invoice = ?, create_at = ?, delivered_by = ?, invoice_number = ?, company_name = ?, warehouse_name = ?, total_price = ?, total_price_in_word = ?  where id = ?
2025-10-01 23:22:19.853 [JavaFX Application Thread] INFO  c.m.s.m.dao.impl.ExportPriceDaoImpl - Update export_price set export_time = ? where import_receipt_id = ?
2025-10-01 23:26:50.664 [JavaFX Application Thread] ERROR c.m.s.m.d.i.ExportReceiptDetailDaoImpl - SQL Exception while querying database with sql: select sum(DB.EXPORT_RECEIPT_DETAIL.ORIGINAL_UNIT_PRICE * DB.EXPORT_RECEIPT_DETAIL.ACTUAL_QUANTITY) from DB.EXPORT_RECEIPT_DETAIL as total_price 
 join DB.EXPORT_PRICE on
 DB.EXPORT_RECEIPT_DETAIL.EXPORT_PRICE_ID  = DB.EXPORT_PRICE.id
 join DB.EXPORT_RECEIPT on
 DB.EXPORT_RECEIPT.id = DB.EXPORT_RECEIPT_DETAIL.EXPORT_RECEIPT_ID
 where DB.EXPORT_PRICE.EXPORT_TIME = ?  and CAST(PARSEDATETIME(DB.EXPORT_RECEIPT.CREATE_AT, 'dd/MM/yyyy HH:mm:ss') AS TIMESTAMP) >= CAST(PARSEDATETIME(?, 'dd/MM/yyyy HH:mm:ss') AS TIMESTAMP);
org.h2.jdbc.JdbcSQLSyntaxErrorException: Column "DB.EXPORT_RECEIPT_DETAIL.ORIGINAL_UNIT_PRICE" not found; SQL statement:
select sum(DB.EXPORT_RECEIPT_DETAIL.ORIGINAL_UNIT_PRICE * DB.EXPORT_RECEIPT_DETAIL.ACTUAL_QUANTITY) from DB.EXPORT_RECEIPT_DETAIL as total_price 
 join DB.EXPORT_PRICE on
 DB.EXPORT_RECEIPT_DETAIL.EXPORT_PRICE_ID  = DB.EXPORT_PRICE.id
 join DB.EXPORT_RECEIPT on
 DB.EXPORT_RECEIPT.id = DB.EXPORT_RECEIPT_DETAIL.EXPORT_RECEIPT_ID
 where DB.EXPORT_PRICE.EXPORT_TIME = ?  and CAST(PARSEDATETIME(DB.EXPORT_RECEIPT.CREATE_AT, 'dd/MM/yyyy HH:mm:ss') AS TIMESTAMP) >= CAST(PARSEDATETIME(?, 'dd/MM/yyyy HH:mm:ss') AS TIMESTAMP); [42122-222]
	at com.h2database@2.2.222/org.h2.message.DbException.getJdbcSQLException(DbException.java:514)
	at com.h2database@2.2.222/org.h2.message.DbException.getJdbcSQLException(DbException.java:489)
	at com.h2database@2.2.222/org.h2.message.DbException.get(DbException.java:223)
	at com.h2database@2.2.222/org.h2.message.DbException.get(DbException.java:199)
	at com.h2database@2.2.222/org.h2.expression.ExpressionColumn.getColumnException(ExpressionColumn.java:244)
	at com.h2database@2.2.222/org.h2.expression.ExpressionColumn.optimizeOther(ExpressionColumn.java:226)
	at com.h2database@2.2.222/org.h2.expression.ExpressionColumn.optimize(ExpressionColumn.java:213)
	at com.h2database@2.2.222/org.h2.expression.BinaryOperation.optimize(BinaryOperation.java:131)
	at com.h2database@2.2.222/org.h2.expression.aggregate.AbstractAggregate.optimize(AbstractAggregate.java:101)
	at com.h2database@2.2.222/org.h2.expression.aggregate.Aggregate.optimize(Aggregate.java:948)
	at com.h2database@2.2.222/org.h2.command.query.Select.prepareExpressions(Select.java:1170)
	at com.h2database@2.2.222/org.h2.command.query.Query.prepare(Query.java:218)
	at com.h2database@2.2.222/org.h2.command.Parser.prepareCommand(Parser.java:489)
	at com.h2database@2.2.222/org.h2.engine.SessionLocal.prepareLocal(SessionLocal.java:639)
	at com.h2database@2.2.222/org.h2.engine.SessionLocal.prepareCommand(SessionLocal.java:559)
	at com.h2database@2.2.222/org.h2.jdbc.JdbcConnection.prepareCommand(JdbcConnection.java:1166)
	at com.h2database@2.2.222/org.h2.jdbc.JdbcPreparedStatement.<init>(JdbcPreparedStatement.java:93)
	at com.h2database@2.2.222/org.h2.jdbc.JdbcConnection.prepareStatement(JdbcConnection.java:316)
	at com.manager.stock.manager_stock@1.0-SNAPSHOT/com.manager.stock.manager_stock.dao.impl.AbstractDao.query(AbstractDao.java:76)
	at com.manager.stock.manager_stock@1.0-SNAPSHOT/com.manager.stock.manager_stock.dao.impl.ExportReceiptDetailDaoImpl.calculateTotalPriceByImportDate(ExportReceiptDetailDaoImpl.java:134)
	at com.manager.stock.manager_stock@1.0-SNAPSHOT/com.manager.stock.manager_stock.service.impl.ExportReceiptDetailServiceImpl.calculateExportPriceTotalByImportDate(ExportReceiptDetailServiceImpl.java:50)
	at com.manager.stock.manager_stock@1.0-SNAPSHOT/com.manager.stock.manager_stock.screen.transaction.presenter.ImportReceiptPresenter.updateForeignExportDetail(ImportReceiptPresenter.java:486)
	at com.manager.stock.manager_stock@1.0-SNAPSHOT/com.manager.stock.manager_stock.screen.transaction.presenter.ImportReceiptPresenter.updateImportReceipt(ImportReceiptPresenter.java:145)
	at com.manager.stock.manager_stock@1.0-SNAPSHOT/com.manager.stock.manager_stock.screen.transaction.AddOrUpdateImportReceiptScreen.lambda$createTableItemDetailByReceipt$16(AddOrUpdateImportReceiptScreen.java:417)
	at javafx.base/com.sun.javafx.event.CompositeEventHandler.dispatchBubblingEvent(CompositeEventHandler.java:86)
	at javafx.base/com.sun.javafx.event.EventHandlerManager.dispatchBubblingEvent(EventHandlerManager.java:234)
	at javafx.base/com.sun.javafx.event.EventHandlerManager.dispatchBubblingEvent(EventHandlerManager.java:191)
	at javafx.base/com.sun.javafx.event.CompositeEventDispatcher.dispatchBubblingEvent(CompositeEventDispatcher.java:59)
	at javafx.base/com.sun.javafx.event.BasicEventDispatcher.dispatchEvent(BasicEventDispatcher.java:58)
	at javafx.base/com.sun.javafx.event.EventDispatchChainImpl.dispatchEvent(EventDispatchChainImpl.java:114)
	at javafx.base/com.sun.javafx.event.BasicEventDispatcher.dispatchEvent(BasicEventDispatcher.java:56)
	at javafx.base/com.sun.javafx.event.EventDispatchChainImpl.dispatchEvent(EventDispatchChainImpl.java:114)
	at javafx.base/com.sun.javafx.event.BasicEventDispatcher.dispatchEvent(BasicEventDispatcher.java:56)
	at javafx.base/com.sun.javafx.event.EventDispatchChainImpl.dispatchEvent(EventDispatchChainImpl.java:114)
	at javafx.base/com.sun.javafx.event.EventUtil.fireEventImpl(EventUtil.java:74)
	at javafx.base/com.sun.javafx.event.EventUtil.fireEvent(EventUtil.java:54)
	at javafx.base/javafx.event.Event.fireEvent(Event.java:198)
	at javafx.graphics/javafx.scene.Scene$ClickGenerator.postProcess(Scene.java:3602)
	at javafx.graphics/javafx.scene.Scene$MouseHandler.process(Scene.java:3906)
	at javafx.graphics/javafx.scene.Scene.processMouseEvent(Scene.java:1878)
	at javafx.graphics/javafx.scene.Scene$ScenePeerListener.mouseEvent(Scene.java:2623)
	at javafx.graphics/com.sun.javafx.tk.quantum.GlassViewEventHandler$MouseEventNotification.run(GlassViewEventHandler.java:411)
	at javafx.graphics/com.sun.javafx.tk.quantum.GlassViewEventHandler$MouseEventNotification.run(GlassViewEventHandler.java:301)
	at java.base/java.security.AccessController.doPrivileged(AccessController.java:399)
	at javafx.graphics/com.sun.javafx.tk.quantum.GlassViewEventHandler.lambda$handleMouseEvent$2(GlassViewEventHandler.java:450)
	at javafx.graphics/com.sun.javafx.tk.quantum.QuantumToolkit.runWithoutRenderLock(QuantumToolkit.java:424)
	at javafx.graphics/com.sun.javafx.tk.quantum.GlassViewEventHandler.handleMouseEvent(GlassViewEventHandler.java:449)
	at javafx.graphics/com.sun.glass.ui.View.handleMouseEvent(View.java:557)
	at javafx.graphics/com.sun.glass.ui.View.notifyMouse(View.java:943)
	at javafx.graphics/com.sun.glass.ui.win.WinApplication._runLoop(Native Method)
	at javafx.graphics/com.sun.glass.ui.win.WinApplication.lambda$runLoop$3(WinApplication.java:184)
	at java.base/java.lang.Thread.run(Thread.java:842)
2025-10-01 23:28:56.669 [ForkJoinPool.commonPool-worker-1] INFO  c.m.s.m.dao.impl.UpFileDao - insert into upfilestatus(id, status) values(?, ?);
2025-10-01 23:29:17.668 [ForkJoinPool.commonPool-worker-1] INFO  c.m.s.m.dao.impl.UpFileDao - insert into upfilestatus(id, status) values(?, ?);
2025-10-01 23:29:30.657 [JavaFX Application Thread] INFO  c.m.s.m.d.impl.ImportReceiptDaoImpl - UPDATE import_receipt set invoice = ?, create_at = ?, delivered_by = ?, invoice_number = ?, company_name = ?, warehouse_name = ?, total_price = ?, total_price_in_word = ?  where id = ?
2025-10-01 23:29:30.660 [JavaFX Application Thread] INFO  c.m.s.m.dao.impl.ExportPriceDaoImpl - Update export_price set export_time = ? where import_receipt_id = ?
2025-10-01 23:32:32.604 [JavaFX Application Thread] ERROR c.m.s.m.d.i.ExportReceiptDetailDaoImpl - SQL Exception while querying database with sql: select sum(DB.EXPORT_RECEIPT_DETAIL.ORIGINAL_UNIT_PRICE * DB.EXPORT_RECEIPT_DETAIL.ACTUAL_QUANTITY) as total_price from DB.EXPORT_RECEIPT_DETAIL 
 join DB.EXPORT_PRICE on
 DB.EXPORT_RECEIPT_DETAIL.EXPORT_PRICE_ID  = DB.EXPORT_PRICE.id
 join DB.EXPORT_RECEIPT on
 DB.EXPORT_RECEIPT.id = DB.EXPORT_RECEIPT_DETAIL.EXPORT_RECEIPT_ID
 where DB.EXPORT_PRICE.EXPORT_TIME = ?  and CAST(PARSEDATETIME(DB.EXPORT_RECEIPT.CREATE_AT, 'dd/MM/yyyy HH:mm:ss') AS TIMESTAMP) >= CAST(PARSEDATETIME(?, 'dd/MM/yyyy HH:mm:ss') AS TIMESTAMP);
org.h2.jdbc.JdbcSQLDataException: Error parsing "2025-02-05 22:15:10"; SQL statement:
select sum(DB.EXPORT_RECEIPT_DETAIL.ORIGINAL_UNIT_PRICE * DB.EXPORT_RECEIPT_DETAIL.ACTUAL_QUANTITY) as total_price from DB.EXPORT_RECEIPT_DETAIL 
 join DB.EXPORT_PRICE on
 DB.EXPORT_RECEIPT_DETAIL.EXPORT_PRICE_ID  = DB.EXPORT_PRICE.id
 join DB.EXPORT_RECEIPT on
 DB.EXPORT_RECEIPT.id = DB.EXPORT_RECEIPT_DETAIL.EXPORT_RECEIPT_ID
 where DB.EXPORT_PRICE.EXPORT_TIME = ?  and CAST(PARSEDATETIME(DB.EXPORT_RECEIPT.CREATE_AT, 'dd/MM/yyyy HH:mm:ss') AS TIMESTAMP) >= CAST(PARSEDATETIME(?, 'dd/MM/yyyy HH:mm:ss') AS TIMESTAMP) [90014-222]
	at com.h2database@2.2.222/org.h2.message.DbException.getJdbcSQLException(DbException.java:658)
	at com.h2database@2.2.222/org.h2.message.DbException.getJdbcSQLException(DbException.java:489)
	at com.h2database@2.2.222/org.h2.message.DbException.get(DbException.java:212)
	at com.h2database@2.2.222/org.h2.expression.function.DateTimeFormatFunction.parseDateTime(DateTimeFormatFunction.java:270)
	at com.h2database@2.2.222/org.h2.expression.function.DateTimeFormatFunction.getValue(DateTimeFormatFunction.java:132)
	at com.h2database@2.2.222/org.h2.expression.function.FunctionN.getValue(FunctionN.java:52)
	at com.h2database@2.2.222/org.h2.expression.function.Function1_2.getValue(Function1_2.java:26)
	at com.h2database@2.2.222/org.h2.expression.condition.Comparison.getValue(Comparison.java:230)
	at com.h2database@2.2.222/org.h2.expression.Expression.getBooleanValue(Expression.java:332)
	at com.h2database@2.2.222/org.h2.table.TableFilter.isOk(TableFilter.java:505)
	at com.h2database@2.2.222/org.h2.table.TableFilter.next(TableFilter.java:451)
	at com.h2database@2.2.222/org.h2.command.query.Select.gatherGroup(Select.java:517)
	at com.h2database@2.2.222/org.h2.command.query.Select.queryGroup(Select.java:488)
	at com.h2database@2.2.222/org.h2.command.query.Select.queryWithoutCache(Select.java:828)
	at com.h2database@2.2.222/org.h2.command.query.Query.queryWithoutCacheLazyCheck(Query.java:197)
	at com.h2database@2.2.222/org.h2.command.query.Query.query(Query.java:520)
	at com.h2database@2.2.222/org.h2.command.query.Query.query(Query.java:483)
	at com.h2database@2.2.222/org.h2.command.CommandContainer.query(CommandContainer.java:252)
	at com.h2database@2.2.222/org.h2.command.Command.executeQuery(Command.java:192)
	at com.h2database@2.2.222/org.h2.jdbc.JdbcPreparedStatement.executeQuery(JdbcPreparedStatement.java:131)
	at com.manager.stock.manager_stock@1.0-SNAPSHOT/com.manager.stock.manager_stock.dao.impl.AbstractDao.query(AbstractDao.java:78)
	at com.manager.stock.manager_stock@1.0-SNAPSHOT/com.manager.stock.manager_stock.dao.impl.ExportReceiptDetailDaoImpl.calculateTotalPriceByImportDate(ExportReceiptDetailDaoImpl.java:134)
	at com.manager.stock.manager_stock@1.0-SNAPSHOT/com.manager.stock.manager_stock.service.impl.ExportReceiptDetailServiceImpl.calculateExportPriceTotalByImportDate(ExportReceiptDetailServiceImpl.java:50)
	at com.manager.stock.manager_stock@1.0-SNAPSHOT/com.manager.stock.manager_stock.screen.transaction.presenter.ImportReceiptPresenter.updateForeignExportDetail(ImportReceiptPresenter.java:486)
	at com.manager.stock.manager_stock@1.0-SNAPSHOT/com.manager.stock.manager_stock.screen.transaction.presenter.ImportReceiptPresenter.updateImportReceipt(ImportReceiptPresenter.java:145)
	at com.manager.stock.manager_stock@1.0-SNAPSHOT/com.manager.stock.manager_stock.screen.transaction.AddOrUpdateImportReceiptScreen.lambda$createTableItemDetailByReceipt$16(AddOrUpdateImportReceiptScreen.java:417)
	at javafx.base/com.sun.javafx.event.CompositeEventHandler.dispatchBubblingEvent(CompositeEventHandler.java:86)
	at javafx.base/com.sun.javafx.event.EventHandlerManager.dispatchBubblingEvent(EventHandlerManager.java:234)
	at javafx.base/com.sun.javafx.event.EventHandlerManager.dispatchBubblingEvent(EventHandlerManager.java:191)
	at javafx.base/com.sun.javafx.event.CompositeEventDispatcher.dispatchBubblingEvent(CompositeEventDispatcher.java:59)
	at javafx.base/com.sun.javafx.event.BasicEventDispatcher.dispatchEvent(BasicEventDispatcher.java:58)
	at javafx.base/com.sun.javafx.event.EventDispatchChainImpl.dispatchEvent(EventDispatchChainImpl.java:114)
	at javafx.base/com.sun.javafx.event.BasicEventDispatcher.dispatchEvent(BasicEventDispatcher.java:56)
	at javafx.base/com.sun.javafx.event.EventDispatchChainImpl.dispatchEvent(EventDispatchChainImpl.java:114)
	at javafx.base/com.sun.javafx.event.BasicEventDispatcher.dispatchEvent(BasicEventDispatcher.java:56)
	at javafx.base/com.sun.javafx.event.EventDispatchChainImpl.dispatchEvent(EventDispatchChainImpl.java:114)
	at javafx.base/com.sun.javafx.event.EventUtil.fireEventImpl(EventUtil.java:74)
	at javafx.base/com.sun.javafx.event.EventUtil.fireEvent(EventUtil.java:54)
	at javafx.base/javafx.event.Event.fireEvent(Event.java:198)
	at javafx.graphics/javafx.scene.Scene$ClickGenerator.postProcess(Scene.java:3602)
	at javafx.graphics/javafx.scene.Scene$MouseHandler.process(Scene.java:3906)
	at javafx.graphics/javafx.scene.Scene.processMouseEvent(Scene.java:1878)
	at javafx.graphics/javafx.scene.Scene$ScenePeerListener.mouseEvent(Scene.java:2623)
	at javafx.graphics/com.sun.javafx.tk.quantum.GlassViewEventHandler$MouseEventNotification.run(GlassViewEventHandler.java:411)
	at javafx.graphics/com.sun.javafx.tk.quantum.GlassViewEventHandler$MouseEventNotification.run(GlassViewEventHandler.java:301)
	at java.base/java.security.AccessController.doPrivileged(AccessController.java:399)
	at javafx.graphics/com.sun.javafx.tk.quantum.GlassViewEventHandler.lambda$handleMouseEvent$2(GlassViewEventHandler.java:450)
	at javafx.graphics/com.sun.javafx.tk.quantum.QuantumToolkit.runWithoutRenderLock(QuantumToolkit.java:424)
	at javafx.graphics/com.sun.javafx.tk.quantum.GlassViewEventHandler.handleMouseEvent(GlassViewEventHandler.java:449)
	at javafx.graphics/com.sun.glass.ui.View.handleMouseEvent(View.java:557)
	at javafx.graphics/com.sun.glass.ui.View.notifyMouse(View.java:943)
	at javafx.graphics/com.sun.glass.ui.win.WinApplication._runLoop(Native Method)
	at javafx.graphics/com.sun.glass.ui.win.WinApplication.lambda$runLoop$3(WinApplication.java:184)
	at java.base/java.lang.Thread.run(Thread.java:842)
Caused by: java.time.format.DateTimeParseException: Text '2025-02-05 22:15:10' could not be parsed at index 2
	at java.base/java.time.format.DateTimeFormatter.parseResolved0(DateTimeFormatter.java:2052)
	at java.base/java.time.format.DateTimeFormatter.parse(DateTimeFormatter.java:1880)
	at com.h2database@2.2.222/org.h2.expression.function.DateTimeFormatFunction.parseDateTime(DateTimeFormatFunction.java:229)
	... 50 common frames omitted
2025-10-01 23:40:00.790 [JavaFX Application Thread] INFO  c.m.s.m.d.impl.ImportReceiptDaoImpl - UPDATE import_receipt set invoice = ?, create_at = ?, delivered_by = ?, invoice_number = ?, company_name = ?, warehouse_name = ?, total_price = ?, total_price_in_word = ?  where id = ?
2025-10-01 23:40:00.791 [JavaFX Application Thread] INFO  c.m.s.m.dao.impl.ExportPriceDaoImpl - Update export_price set export_time = ? where import_receipt_id = ?
2025-10-01 23:47:44.395 [ForkJoinPool.commonPool-worker-1] INFO  c.m.s.m.dao.impl.UpFileDao - insert into upfilestatus(id, status) values(?, ?);
2025-10-01 23:47:56.430 [JavaFX Application Thread] INFO  c.m.s.m.d.impl.ImportReceiptDaoImpl - UPDATE import_receipt set invoice = ?, create_at = ?, delivered_by = ?, invoice_number = ?, company_name = ?, warehouse_name = ?, total_price = ?, total_price_in_word = ?  where id = ?
2025-10-01 23:47:56.434 [JavaFX Application Thread] INFO  c.m.s.m.dao.impl.ExportPriceDaoImpl - Update export_price set export_time = ? where import_receipt_id = ?
2025-10-01 23:49:52.655 [JavaFX Application Thread] INFO  c.m.s.m.d.i.ExportReceiptDetailDaoImpl - update DB.EXPORT_RECEIPT_DETAIL set DB.EXPORT_RECEIPT_DETAIL.EXPORT_PRICE_ID = ?, DB.EXPORT_RECEIPT_DETAIL.ORIGINAL_UNIT_PRICE = ?
    where DB.EXPORT_RECEIPT_DETAIL.EXPORT_PRICE_ID in
    (select DB.EXPORT_PRICE.id from DB.EXPORT_PRICE
    join DB.EXPORT_RECEIPT_DETAIL on
    DB.EXPORT_RECEIPT_DETAIL.EXPORT_PRICE_ID  = DB.EXPORT_PRICE.id
    join DB.EXPORT_RECEIPT on
    DB.EXPORT_RECEIPT.id = DB.EXPORT_RECEIPT_DETAIL.EXPORT_RECEIPT_ID
    where DB.EXPORT_PRICE.EXPORT_TIME = ?     and CAST(PARSEDATETIME(DB.EXPORT_RECEIPT.CREATE_AT, 'dd/MM/yyyy HH:mm:ss') AS TIMESTAMP) >= CAST(PARSEDATETIME(?, 'dd/MM/yyyy HH:mm:ss') AS TIMESTAMP));
2025-10-01 23:49:52.699 [JavaFX Application Thread] ERROR c.m.s.m.d.i.ExportReceiptDetailDaoImpl - SQL Exception while save database with sql: update DB.EXPORT_RECEIPT_DETAIL set DB.EXPORT_RECEIPT_DETAIL.EXPORT_PRICE_ID = ?, DB.EXPORT_RECEIPT_DETAIL.ORIGINAL_UNIT_PRICE = ?
    where DB.EXPORT_RECEIPT_DETAIL.EXPORT_PRICE_ID in
    (select DB.EXPORT_PRICE.id from DB.EXPORT_PRICE
    join DB.EXPORT_RECEIPT_DETAIL on
    DB.EXPORT_RECEIPT_DETAIL.EXPORT_PRICE_ID  = DB.EXPORT_PRICE.id
    join DB.EXPORT_RECEIPT on
    DB.EXPORT_RECEIPT.id = DB.EXPORT_RECEIPT_DETAIL.EXPORT_RECEIPT_ID
    where DB.EXPORT_PRICE.EXPORT_TIME = ?     and CAST(PARSEDATETIME(DB.EXPORT_RECEIPT.CREATE_AT, 'dd/MM/yyyy HH:mm:ss') AS TIMESTAMP) >= CAST(PARSEDATETIME(?, 'dd/MM/yyyy HH:mm:ss') AS TIMESTAMP));
org.h2.jdbc.JdbcSQLDataException: Error parsing "2025-02-05 22:15:10"; SQL statement:
update DB.EXPORT_RECEIPT_DETAIL set DB.EXPORT_RECEIPT_DETAIL.EXPORT_PRICE_ID = ?, DB.EXPORT_RECEIPT_DETAIL.ORIGINAL_UNIT_PRICE = ?
    where DB.EXPORT_RECEIPT_DETAIL.EXPORT_PRICE_ID in
    (select DB.EXPORT_PRICE.id from DB.EXPORT_PRICE
    join DB.EXPORT_RECEIPT_DETAIL on
    DB.EXPORT_RECEIPT_DETAIL.EXPORT_PRICE_ID  = DB.EXPORT_PRICE.id
    join DB.EXPORT_RECEIPT on
    DB.EXPORT_RECEIPT.id = DB.EXPORT_RECEIPT_DETAIL.EXPORT_RECEIPT_ID
    where DB.EXPORT_PRICE.EXPORT_TIME = ?     and CAST(PARSEDATETIME(DB.EXPORT_RECEIPT.CREATE_AT, 'dd/MM/yyyy HH:mm:ss') AS TIMESTAMP) >= CAST(PARSEDATETIME(?, 'dd/MM/yyyy HH:mm:ss') AS TIMESTAMP)) [90014-222]
	at com.h2database@2.2.222/org.h2.message.DbException.getJdbcSQLException(DbException.java:658)
	at com.h2database@2.2.222/org.h2.message.DbException.getJdbcSQLException(DbException.java:489)
	at com.h2database@2.2.222/org.h2.message.DbException.get(DbException.java:212)
	at com.h2database@2.2.222/org.h2.expression.function.DateTimeFormatFunction.parseDateTime(DateTimeFormatFunction.java:270)
	at com.h2database@2.2.222/org.h2.expression.function.DateTimeFormatFunction.getValue(DateTimeFormatFunction.java:132)
	at com.h2database@2.2.222/org.h2.expression.function.FunctionN.getValue(FunctionN.java:52)
	at com.h2database@2.2.222/org.h2.expression.function.Function1_2.getValue(Function1_2.java:26)
	at com.h2database@2.2.222/org.h2.expression.condition.Comparison.getValue(Comparison.java:230)
	at com.h2database@2.2.222/org.h2.expression.Expression.getBooleanValue(Expression.java:332)
	at com.h2database@2.2.222/org.h2.table.TableFilter.isOk(TableFilter.java:505)
	at com.h2database@2.2.222/org.h2.table.TableFilter.next(TableFilter.java:451)
	at com.h2database@2.2.222/org.h2.command.query.Select$LazyResultQueryFlat.fetchNextRow(Select.java:1843)
	at com.h2database@2.2.222/org.h2.result.LazyResult.hasNext(LazyResult.java:78)
	at com.h2database@2.2.222/org.h2.result.FetchedResult.next(FetchedResult.java:34)
	at com.h2database@2.2.222/org.h2.command.query.Select.queryFlat(Select.java:728)
	at com.h2database@2.2.222/org.h2.command.query.Select.queryWithoutCache(Select.java:833)
	at com.h2database@2.2.222/org.h2.command.query.Query.queryWithoutCacheLazyCheck(Query.java:197)
	at com.h2database@2.2.222/org.h2.command.query.Query.query(Query.java:520)
	at com.h2database@2.2.222/org.h2.command.query.Query.query(Query.java:483)
	at com.h2database@2.2.222/org.h2.index.IndexCondition.getCurrentResult(IndexCondition.java:192)
	at com.h2database@2.2.222/org.h2.index.IndexCursor.prepare(IndexCursor.java:106)
	at com.h2database@2.2.222/org.h2.index.IndexCursor.find(IndexCursor.java:158)
	at com.h2database@2.2.222/org.h2.table.TableFilter.next(TableFilter.java:394)
	at com.h2database@2.2.222/org.h2.command.dml.FilteredDataChangeStatement.nextRow(FilteredDataChangeStatement.java:71)
	at com.h2database@2.2.222/org.h2.command.dml.Update.update(Update.java:67)
	at com.h2database@2.2.222/org.h2.command.CommandContainer.executeUpdateWithGeneratedKeys(CommandContainer.java:242)
	at com.h2database@2.2.222/org.h2.command.CommandContainer.update(CommandContainer.java:163)
	at com.h2database@2.2.222/org.h2.command.Command.executeUpdate(Command.java:256)
	at com.h2database@2.2.222/org.h2.jdbc.JdbcPreparedStatement.executeUpdateInternal(JdbcPreparedStatement.java:216)
	at com.h2database@2.2.222/org.h2.jdbc.JdbcPreparedStatement.executeUpdate(JdbcPreparedStatement.java:174)
	at com.manager.stock.manager_stock@1.0-SNAPSHOT/com.manager.stock.manager_stock.dao.impl.AbstractDao.save(AbstractDao.java:118)
	at com.manager.stock.manager_stock@1.0-SNAPSHOT/com.manager.stock.manager_stock.dao.impl.ExportReceiptDetailDaoImpl.updateExportPriceByImportDate(ExportReceiptDetailDaoImpl.java:103)
	at com.manager.stock.manager_stock@1.0-SNAPSHOT/com.manager.stock.manager_stock.service.impl.ExportReceiptDetailServiceImpl.updateExportPriceByImportDate(ExportReceiptDetailServiceImpl.java:65)
	at com.manager.stock.manager_stock@1.0-SNAPSHOT/com.manager.stock.manager_stock.screen.transaction.presenter.ImportReceiptPresenter.updateForeignExportDetail(ImportReceiptPresenter.java:491)
	at com.manager.stock.manager_stock@1.0-SNAPSHOT/com.manager.stock.manager_stock.screen.transaction.presenter.ImportReceiptPresenter.updateImportReceipt(ImportReceiptPresenter.java:145)
	at com.manager.stock.manager_stock@1.0-SNAPSHOT/com.manager.stock.manager_stock.screen.transaction.AddOrUpdateImportReceiptScreen.lambda$createTableItemDetailByReceipt$16(AddOrUpdateImportReceiptScreen.java:417)
	at javafx.base/com.sun.javafx.event.CompositeEventHandler.dispatchBubblingEvent(CompositeEventHandler.java:86)
	at javafx.base/com.sun.javafx.event.EventHandlerManager.dispatchBubblingEvent(EventHandlerManager.java:234)
	at javafx.base/com.sun.javafx.event.EventHandlerManager.dispatchBubblingEvent(EventHandlerManager.java:191)
	at javafx.base/com.sun.javafx.event.CompositeEventDispatcher.dispatchBubblingEvent(CompositeEventDispatcher.java:59)
	at javafx.base/com.sun.javafx.event.BasicEventDispatcher.dispatchEvent(BasicEventDispatcher.java:58)
	at javafx.base/com.sun.javafx.event.EventDispatchChainImpl.dispatchEvent(EventDispatchChainImpl.java:114)
	at javafx.base/com.sun.javafx.event.BasicEventDispatcher.dispatchEvent(BasicEventDispatcher.java:56)
	at javafx.base/com.sun.javafx.event.EventDispatchChainImpl.dispatchEvent(EventDispatchChainImpl.java:114)
	at javafx.base/com.sun.javafx.event.BasicEventDispatcher.dispatchEvent(BasicEventDispatcher.java:56)
	at javafx.base/com.sun.javafx.event.EventDispatchChainImpl.dispatchEvent(EventDispatchChainImpl.java:114)
	at javafx.base/com.sun.javafx.event.EventUtil.fireEventImpl(EventUtil.java:74)
	at javafx.base/com.sun.javafx.event.EventUtil.fireEvent(EventUtil.java:54)
	at javafx.base/javafx.event.Event.fireEvent(Event.java:198)
	at javafx.graphics/javafx.scene.Scene$ClickGenerator.postProcess(Scene.java:3602)
	at javafx.graphics/javafx.scene.Scene$MouseHandler.process(Scene.java:3906)
	at javafx.graphics/javafx.scene.Scene.processMouseEvent(Scene.java:1878)
	at javafx.graphics/javafx.scene.Scene$ScenePeerListener.mouseEvent(Scene.java:2623)
	at javafx.graphics/com.sun.javafx.tk.quantum.GlassViewEventHandler$MouseEventNotification.run(GlassViewEventHandler.java:411)
	at javafx.graphics/com.sun.javafx.tk.quantum.GlassViewEventHandler$MouseEventNotification.run(GlassViewEventHandler.java:301)
	at java.base/java.security.AccessController.doPrivileged(AccessController.java:399)
	at javafx.graphics/com.sun.javafx.tk.quantum.GlassViewEventHandler.lambda$handleMouseEvent$2(GlassViewEventHandler.java:450)
	at javafx.graphics/com.sun.javafx.tk.quantum.QuantumToolkit.runWithoutRenderLock(QuantumToolkit.java:424)
	at javafx.graphics/com.sun.javafx.tk.quantum.GlassViewEventHandler.handleMouseEvent(GlassViewEventHandler.java:449)
	at javafx.graphics/com.sun.glass.ui.View.handleMouseEvent(View.java:557)
	at javafx.graphics/com.sun.glass.ui.View.notifyMouse(View.java:943)
	at javafx.graphics/com.sun.glass.ui.win.WinApplication._runLoop(Native Method)
	at javafx.graphics/com.sun.glass.ui.win.WinApplication.lambda$runLoop$3(WinApplication.java:184)
	at java.base/java.lang.Thread.run(Thread.java:842)
Caused by: java.time.format.DateTimeParseException: Text '2025-02-05 22:15:10' could not be parsed at index 2
	at java.base/java.time.format.DateTimeFormatter.parseResolved0(DateTimeFormatter.java:2052)
	at java.base/java.time.format.DateTimeFormatter.parse(DateTimeFormatter.java:1880)
	at com.h2database@2.2.222/org.h2.expression.function.DateTimeFormatFunction.parseDateTime(DateTimeFormatFunction.java:229)
	... 60 common frames omitted
2025-10-01 23:50:10.143 [ForkJoinPool.commonPool-worker-1] INFO  c.m.s.m.dao.impl.UpFileDao - insert into upfilestatus(id, status) values(?, ?);
2025-10-01 23:53:54.557 [ForkJoinPool.commonPool-worker-1] INFO  c.m.s.m.dao.impl.UpFileDao - insert into upfilestatus(id, status) values(?, ?);
2025-10-01 23:54:27.737 [JavaFX Application Thread] INFO  c.m.s.m.d.impl.ImportReceiptDaoImpl - UPDATE import_receipt set invoice = ?, create_at = ?, delivered_by = ?, invoice_number = ?, company_name = ?, warehouse_name = ?, total_price = ?, total_price_in_word = ?  where id = ?
2025-10-01 23:54:27.740 [JavaFX Application Thread] INFO  c.m.s.m.dao.impl.ExportPriceDaoImpl - Update export_price set export_time = ? where import_receipt_id = ?
2025-10-01 23:55:21.230 [JavaFX Application Thread] INFO  c.m.s.m.d.i.ExportReceiptDetailDaoImpl - update DB.EXPORT_RECEIPT_DETAIL set DB.EXPORT_RECEIPT_DETAIL.EXPORT_PRICE_ID = ?, DB.EXPORT_RECEIPT_DETAIL.ORIGINAL_UNIT_PRICE = ?
    where DB.EXPORT_RECEIPT_DETAIL.EXPORT_PRICE_ID in
    (select DB.EXPORT_PRICE.id from DB.EXPORT_PRICE
    join DB.EXPORT_RECEIPT_DETAIL on
    DB.EXPORT_RECEIPT_DETAIL.EXPORT_PRICE_ID  = DB.EXPORT_PRICE.id
    join DB.EXPORT_RECEIPT on
    DB.EXPORT_RECEIPT.id = DB.EXPORT_RECEIPT_DETAIL.EXPORT_RECEIPT_ID
    where DB.EXPORT_PRICE.EXPORT_TIME = ?     and CAST(PARSEDATETIME(DB.EXPORT_RECEIPT.CREATE_AT, 'dd/MM/yyyy HH:mm:ss') AS TIMESTAMP) >= CAST(PARSEDATETIME(?, 'dd/MM/yyyy HH:mm:ss') AS TIMESTAMP));
2025-10-01 23:55:21.255 [JavaFX Application Thread] ERROR c.m.s.m.d.i.ExportReceiptDetailDaoImpl - SQL Exception while save database with sql: update DB.EXPORT_RECEIPT_DETAIL set DB.EXPORT_RECEIPT_DETAIL.EXPORT_PRICE_ID = ?, DB.EXPORT_RECEIPT_DETAIL.ORIGINAL_UNIT_PRICE = ?
    where DB.EXPORT_RECEIPT_DETAIL.EXPORT_PRICE_ID in
    (select DB.EXPORT_PRICE.id from DB.EXPORT_PRICE
    join DB.EXPORT_RECEIPT_DETAIL on
    DB.EXPORT_RECEIPT_DETAIL.EXPORT_PRICE_ID  = DB.EXPORT_PRICE.id
    join DB.EXPORT_RECEIPT on
    DB.EXPORT_RECEIPT.id = DB.EXPORT_RECEIPT_DETAIL.EXPORT_RECEIPT_ID
    where DB.EXPORT_PRICE.EXPORT_TIME = ?     and CAST(PARSEDATETIME(DB.EXPORT_RECEIPT.CREATE_AT, 'dd/MM/yyyy HH:mm:ss') AS TIMESTAMP) >= CAST(PARSEDATETIME(?, 'dd/MM/yyyy HH:mm:ss') AS TIMESTAMP));
org.h2.jdbc.JdbcSQLDataException: Error parsing "2025-02-05 22:15:10"; SQL statement:
update DB.EXPORT_RECEIPT_DETAIL set DB.EXPORT_RECEIPT_DETAIL.EXPORT_PRICE_ID = ?, DB.EXPORT_RECEIPT_DETAIL.ORIGINAL_UNIT_PRICE = ?
    where DB.EXPORT_RECEIPT_DETAIL.EXPORT_PRICE_ID in
    (select DB.EXPORT_PRICE.id from DB.EXPORT_PRICE
    join DB.EXPORT_RECEIPT_DETAIL on
    DB.EXPORT_RECEIPT_DETAIL.EXPORT_PRICE_ID  = DB.EXPORT_PRICE.id
    join DB.EXPORT_RECEIPT on
    DB.EXPORT_RECEIPT.id = DB.EXPORT_RECEIPT_DETAIL.EXPORT_RECEIPT_ID
    where DB.EXPORT_PRICE.EXPORT_TIME = ?     and CAST(PARSEDATETIME(DB.EXPORT_RECEIPT.CREATE_AT, 'dd/MM/yyyy HH:mm:ss') AS TIMESTAMP) >= CAST(PARSEDATETIME(?, 'dd/MM/yyyy HH:mm:ss') AS TIMESTAMP)) [90014-222]
	at com.h2database@2.2.222/org.h2.message.DbException.getJdbcSQLException(DbException.java:658)
	at com.h2database@2.2.222/org.h2.message.DbException.getJdbcSQLException(DbException.java:489)
	at com.h2database@2.2.222/org.h2.message.DbException.get(DbException.java:212)
	at com.h2database@2.2.222/org.h2.expression.function.DateTimeFormatFunction.parseDateTime(DateTimeFormatFunction.java:270)
	at com.h2database@2.2.222/org.h2.expression.function.DateTimeFormatFunction.getValue(DateTimeFormatFunction.java:132)
	at com.h2database@2.2.222/org.h2.expression.function.FunctionN.getValue(FunctionN.java:52)
	at com.h2database@2.2.222/org.h2.expression.function.Function1_2.getValue(Function1_2.java:26)
	at com.h2database@2.2.222/org.h2.expression.condition.Comparison.getValue(Comparison.java:230)
	at com.h2database@2.2.222/org.h2.expression.Expression.getBooleanValue(Expression.java:332)
	at com.h2database@2.2.222/org.h2.table.TableFilter.isOk(TableFilter.java:505)
	at com.h2database@2.2.222/org.h2.table.TableFilter.next(TableFilter.java:451)
	at com.h2database@2.2.222/org.h2.command.query.Select$LazyResultQueryFlat.fetchNextRow(Select.java:1843)
	at com.h2database@2.2.222/org.h2.result.LazyResult.hasNext(LazyResult.java:78)
	at com.h2database@2.2.222/org.h2.result.FetchedResult.next(FetchedResult.java:34)
	at com.h2database@2.2.222/org.h2.command.query.Select.queryFlat(Select.java:728)
	at com.h2database@2.2.222/org.h2.command.query.Select.queryWithoutCache(Select.java:833)
	at com.h2database@2.2.222/org.h2.command.query.Query.queryWithoutCacheLazyCheck(Query.java:197)
	at com.h2database@2.2.222/org.h2.command.query.Query.query(Query.java:520)
	at com.h2database@2.2.222/org.h2.command.query.Query.query(Query.java:483)
	at com.h2database@2.2.222/org.h2.index.IndexCondition.getCurrentResult(IndexCondition.java:192)
	at com.h2database@2.2.222/org.h2.index.IndexCursor.prepare(IndexCursor.java:106)
	at com.h2database@2.2.222/org.h2.index.IndexCursor.find(IndexCursor.java:158)
	at com.h2database@2.2.222/org.h2.table.TableFilter.next(TableFilter.java:394)
	at com.h2database@2.2.222/org.h2.command.dml.FilteredDataChangeStatement.nextRow(FilteredDataChangeStatement.java:71)
	at com.h2database@2.2.222/org.h2.command.dml.Update.update(Update.java:67)
	at com.h2database@2.2.222/org.h2.command.CommandContainer.executeUpdateWithGeneratedKeys(CommandContainer.java:242)
	at com.h2database@2.2.222/org.h2.command.CommandContainer.update(CommandContainer.java:163)
	at com.h2database@2.2.222/org.h2.command.Command.executeUpdate(Command.java:256)
	at com.h2database@2.2.222/org.h2.jdbc.JdbcPreparedStatement.executeUpdateInternal(JdbcPreparedStatement.java:216)
	at com.h2database@2.2.222/org.h2.jdbc.JdbcPreparedStatement.executeUpdate(JdbcPreparedStatement.java:174)
	at com.manager.stock.manager_stock@1.0-SNAPSHOT/com.manager.stock.manager_stock.dao.impl.AbstractDao.save(AbstractDao.java:118)
	at com.manager.stock.manager_stock@1.0-SNAPSHOT/com.manager.stock.manager_stock.dao.impl.ExportReceiptDetailDaoImpl.updateExportPriceByImportDate(ExportReceiptDetailDaoImpl.java:103)
	at com.manager.stock.manager_stock@1.0-SNAPSHOT/com.manager.stock.manager_stock.service.impl.ExportReceiptDetailServiceImpl.updateExportPriceByImportDate(ExportReceiptDetailServiceImpl.java:65)
	at com.manager.stock.manager_stock@1.0-SNAPSHOT/com.manager.stock.manager_stock.screen.transaction.presenter.ImportReceiptPresenter.updateForeignExportDetail(ImportReceiptPresenter.java:491)
	at com.manager.stock.manager_stock@1.0-SNAPSHOT/com.manager.stock.manager_stock.screen.transaction.presenter.ImportReceiptPresenter.updateImportReceipt(ImportReceiptPresenter.java:145)
	at com.manager.stock.manager_stock@1.0-SNAPSHOT/com.manager.stock.manager_stock.screen.transaction.AddOrUpdateImportReceiptScreen.lambda$createTableItemDetailByReceipt$16(AddOrUpdateImportReceiptScreen.java:417)
	at javafx.base/com.sun.javafx.event.CompositeEventHandler.dispatchBubblingEvent(CompositeEventHandler.java:86)
	at javafx.base/com.sun.javafx.event.EventHandlerManager.dispatchBubblingEvent(EventHandlerManager.java:234)
	at javafx.base/com.sun.javafx.event.EventHandlerManager.dispatchBubblingEvent(EventHandlerManager.java:191)
	at javafx.base/com.sun.javafx.event.CompositeEventDispatcher.dispatchBubblingEvent(CompositeEventDispatcher.java:59)
	at javafx.base/com.sun.javafx.event.BasicEventDispatcher.dispatchEvent(BasicEventDispatcher.java:58)
	at javafx.base/com.sun.javafx.event.EventDispatchChainImpl.dispatchEvent(EventDispatchChainImpl.java:114)
	at javafx.base/com.sun.javafx.event.BasicEventDispatcher.dispatchEvent(BasicEventDispatcher.java:56)
	at javafx.base/com.sun.javafx.event.EventDispatchChainImpl.dispatchEvent(EventDispatchChainImpl.java:114)
	at javafx.base/com.sun.javafx.event.BasicEventDispatcher.dispatchEvent(BasicEventDispatcher.java:56)
	at javafx.base/com.sun.javafx.event.EventDispatchChainImpl.dispatchEvent(EventDispatchChainImpl.java:114)
	at javafx.base/com.sun.javafx.event.EventUtil.fireEventImpl(EventUtil.java:74)
	at javafx.base/com.sun.javafx.event.EventUtil.fireEvent(EventUtil.java:54)
	at javafx.base/javafx.event.Event.fireEvent(Event.java:198)
	at javafx.graphics/javafx.scene.Scene$ClickGenerator.postProcess(Scene.java:3602)
	at javafx.graphics/javafx.scene.Scene$MouseHandler.process(Scene.java:3906)
	at javafx.graphics/javafx.scene.Scene.processMouseEvent(Scene.java:1878)
	at javafx.graphics/javafx.scene.Scene$ScenePeerListener.mouseEvent(Scene.java:2623)
	at javafx.graphics/com.sun.javafx.tk.quantum.GlassViewEventHandler$MouseEventNotification.run(GlassViewEventHandler.java:411)
	at javafx.graphics/com.sun.javafx.tk.quantum.GlassViewEventHandler$MouseEventNotification.run(GlassViewEventHandler.java:301)
	at java.base/java.security.AccessController.doPrivileged(AccessController.java:399)
	at javafx.graphics/com.sun.javafx.tk.quantum.GlassViewEventHandler.lambda$handleMouseEvent$2(GlassViewEventHandler.java:450)
	at javafx.graphics/com.sun.javafx.tk.quantum.QuantumToolkit.runWithoutRenderLock(QuantumToolkit.java:424)
	at javafx.graphics/com.sun.javafx.tk.quantum.GlassViewEventHandler.handleMouseEvent(GlassViewEventHandler.java:449)
	at javafx.graphics/com.sun.glass.ui.View.handleMouseEvent(View.java:557)
	at javafx.graphics/com.sun.glass.ui.View.notifyMouse(View.java:943)
	at javafx.graphics/com.sun.glass.ui.win.WinApplication._runLoop(Native Method)
	at javafx.graphics/com.sun.glass.ui.win.WinApplication.lambda$runLoop$3(WinApplication.java:184)
	at java.base/java.lang.Thread.run(Thread.java:842)
Caused by: java.time.format.DateTimeParseException: Text '2025-02-05 22:15:10' could not be parsed at index 2
	at java.base/java.time.format.DateTimeFormatter.parseResolved0(DateTimeFormatter.java:2052)
	at java.base/java.time.format.DateTimeFormatter.parse(DateTimeFormatter.java:1880)
	at com.h2database@2.2.222/org.h2.expression.function.DateTimeFormatFunction.parseDateTime(DateTimeFormatFunction.java:229)
	... 60 common frames omitted
2025-10-01 23:56:58.573 [ForkJoinPool.commonPool-worker-1] INFO  c.m.s.m.dao.impl.UpFileDao - insert into upfilestatus(id, status) values(?, ?);
2025-10-01 23:57:09.383 [JavaFX Application Thread] INFO  c.m.s.m.d.impl.ImportReceiptDaoImpl - UPDATE import_receipt set invoice = ?, create_at = ?, delivered_by = ?, invoice_number = ?, company_name = ?, warehouse_name = ?, total_price = ?, total_price_in_word = ?  where id = ?
2025-10-01 23:57:09.386 [JavaFX Application Thread] INFO  c.m.s.m.dao.impl.ExportPriceDaoImpl - Update export_price set export_time = ? where import_receipt_id = ?
2025-10-01 23:57:22.890 [JavaFX Application Thread] INFO  c.m.s.m.d.i.ExportReceiptDetailDaoImpl - update DB.EXPORT_RECEIPT_DETAIL set DB.EXPORT_RECEIPT_DETAIL.EXPORT_PRICE_ID = ?, DB.EXPORT_RECEIPT_DETAIL.ORIGINAL_UNIT_PRICE = ?
    where DB.EXPORT_RECEIPT_DETAIL.EXPORT_PRICE_ID in
    (select DB.EXPORT_PRICE.id from DB.EXPORT_PRICE
    join DB.EXPORT_RECEIPT_DETAIL on
    DB.EXPORT_RECEIPT_DETAIL.EXPORT_PRICE_ID  = DB.EXPORT_PRICE.id
    join DB.EXPORT_RECEIPT on
    DB.EXPORT_RECEIPT.id = DB.EXPORT_RECEIPT_DETAIL.EXPORT_RECEIPT_ID
    where DB.EXPORT_PRICE.EXPORT_TIME = ?     and CAST(PARSEDATETIME(DB.EXPORT_RECEIPT.CREATE_AT, 'dd/MM/yyyy HH:mm:ss') AS TIMESTAMP) >= CAST(PARSEDATETIME(?, 'dd/MM/yyyy HH:mm:ss') AS TIMESTAMP));
2025-10-01 23:57:57.988 [JavaFX Application Thread] INFO  c.m.s.m.d.impl.ImportReceiptDaoImpl - UPDATE import_receipt set invoice = ?, create_at = ?, delivered_by = ?, invoice_number = ?, company_name = ?, warehouse_name = ?, total_price = ?, total_price_in_word = ?  where id = ?
2025-10-01 23:57:57.989 [JavaFX Application Thread] INFO  c.m.s.m.dao.impl.ExportPriceDaoImpl - Update export_price set export_time = ? where import_receipt_id = ?
2025-10-01 23:59:30.345 [JavaFX Application Thread] INFO  c.m.s.m.d.i.ExportReceiptDetailDaoImpl - update DB.EXPORT_RECEIPT_DETAIL set DB.EXPORT_RECEIPT_DETAIL.EXPORT_PRICE_ID = ?, DB.EXPORT_RECEIPT_DETAIL.ORIGINAL_UNIT_PRICE = ?
    where DB.EXPORT_RECEIPT_DETAIL.EXPORT_PRICE_ID in
    (select DB.EXPORT_PRICE.id from DB.EXPORT_PRICE
    join DB.EXPORT_RECEIPT_DETAIL on
    DB.EXPORT_RECEIPT_DETAIL.EXPORT_PRICE_ID  = DB.EXPORT_PRICE.id
    join DB.EXPORT_RECEIPT on
    DB.EXPORT_RECEIPT.id = DB.EXPORT_RECEIPT_DETAIL.EXPORT_RECEIPT_ID
    where DB.EXPORT_PRICE.EXPORT_TIME = ?     and CAST(PARSEDATETIME(DB.EXPORT_RECEIPT.CREATE_AT, 'dd/MM/yyyy HH:mm:ss') AS TIMESTAMP) >= CAST(PARSEDATETIME(?, 'dd/MM/yyyy HH:mm:ss') AS TIMESTAMP));
