2025-11-03 21:06:57.081 [ForkJoinPool.commonPool-worker-1] INFO  c.m.s.m.service.UpfileService - Upload file.
2025-11-03 21:06:57.406 [ForkJoinPool.commonPool-worker-1] INFO  c.m.s.m.service.UpfileService - status: -1
2025-11-03 21:06:57.431 [ForkJoinPool.commonPool-worker-1] INFO  c.m.s.m.service.UpfileService - Backup file successfully.
2025-11-03 21:07:10.930 [ForkJoinPool.commonPool-worker-1] INFO  c.m.s.m.service.UpfileService - Starting up file.
2025-11-03 21:07:10.935 [ForkJoinPool.commonPool-worker-1] INFO  c.m.s.m.service.UpfileService - Upload file successfully!
2025-11-03 21:16:36.386 [ForkJoinPool.commonPool-worker-1] INFO  c.m.s.m.service.UpfileService - Upload file.
2025-11-03 21:16:36.715 [ForkJoinPool.commonPool-worker-1] INFO  c.m.s.m.service.UpfileService - status: -1
2025-11-03 21:16:36.739 [ForkJoinPool.commonPool-worker-1] INFO  c.m.s.m.service.UpfileService - Backup file successfully.
2025-11-03 21:16:41.544 [ForkJoinPool.commonPool-worker-1] INFO  c.m.s.m.service.UpfileService - Starting up file.
2025-11-03 21:16:41.553 [ForkJoinPool.commonPool-worker-1] INFO  c.m.s.m.service.UpfileService - Upload file successfully!
2025-11-03 21:39:43.735 [ForkJoinPool.commonPool-worker-1] INFO  c.m.s.m.service.UpfileService - Upload file.
2025-11-03 21:39:44.161 [ForkJoinPool.commonPool-worker-1] INFO  c.m.s.m.service.UpfileService - status: -1
2025-11-03 21:39:44.195 [ForkJoinPool.commonPool-worker-1] INFO  c.m.s.m.service.UpfileService - Backup file successfully.
2025-11-03 21:39:48.551 [ForkJoinPool.commonPool-worker-1] INFO  c.m.s.m.service.UpfileService - Starting up file.
2025-11-03 21:39:48.559 [ForkJoinPool.commonPool-worker-1] INFO  c.m.s.m.service.UpfileService - Upload file successfully!
2025-11-03 21:58:21.848 [main] INFO  c.m.s.m.service.UpfileService - Upload file.
2025-11-03 21:58:22.007 [ForkJoinPool.commonPool-worker-1] INFO  c.m.s.m.service.UpfileService - status: -1
2025-11-03 21:58:22.033 [ForkJoinPool.commonPool-worker-1] INFO  c.m.s.m.service.UpfileService - Backup file successfully.
2025-11-03 21:58:26.909 [ForkJoinPool.commonPool-worker-1] INFO  c.m.s.m.service.UpfileService - Starting up file.
2025-11-03 21:58:26.916 [ForkJoinPool.commonPool-worker-1] INFO  c.m.s.m.service.UpfileService - Upload file successfully!
2025-11-03 22:06:43.179 [ForkJoinPool.commonPool-worker-1] INFO  c.m.s.m.service.UpfileService - Upload file.
2025-11-03 22:06:43.538 [ForkJoinPool.commonPool-worker-1] INFO  c.m.s.m.service.UpfileService - status: -1
2025-11-03 22:06:43.563 [ForkJoinPool.commonPool-worker-1] INFO  c.m.s.m.service.UpfileService - Backup file successfully.
2025-11-03 22:06:48.192 [ForkJoinPool.commonPool-worker-1] INFO  c.m.s.m.service.UpfileService - Starting up file.
2025-11-03 22:06:48.209 [ForkJoinPool.commonPool-worker-1] INFO  c.m.s.m.service.UpfileService - Upload file successfully!
2025-11-03 22:07:14.497 [ForkJoinPool.commonPool-worker-1] INFO  c.m.s.m.service.UpfileService - Upload file.
2025-11-03 22:07:14.848 [ForkJoinPool.commonPool-worker-1] INFO  c.m.s.m.service.UpfileService - status: -1
2025-11-03 22:07:14.871 [ForkJoinPool.commonPool-worker-1] INFO  c.m.s.m.service.UpfileService - Backup file successfully.
2025-11-03 22:07:19.632 [ForkJoinPool.commonPool-worker-1] INFO  c.m.s.m.service.UpfileService - Starting up file.
2025-11-03 22:07:19.648 [ForkJoinPool.commonPool-worker-1] INFO  c.m.s.m.service.UpfileService - Upload file successfully!
2025-11-03 22:09:23.267 [ForkJoinPool.commonPool-worker-1] INFO  c.m.s.m.service.UpfileService - Upload file.
2025-11-03 22:09:23.701 [ForkJoinPool.commonPool-worker-1] INFO  c.m.s.m.service.UpfileService - status: -1
2025-11-03 22:09:23.714 [ForkJoinPool.commonPool-worker-1] INFO  c.m.s.m.service.UpfileService - Backup file successfully.
2025-11-03 22:09:29.525 [ForkJoinPool.commonPool-worker-1] INFO  c.m.s.m.service.UpfileService - Starting up file.
2025-11-03 22:09:29.528 [ForkJoinPool.commonPool-worker-1] INFO  c.m.s.m.service.UpfileService - Upload file successfully!
2025-11-03 22:10:14.762 [main] INFO  c.m.s.m.service.UpfileService - Upload file.
2025-11-03 22:10:14.930 [ForkJoinPool.commonPool-worker-1] INFO  c.m.s.m.service.UpfileService - status: -1
2025-11-03 22:10:14.953 [ForkJoinPool.commonPool-worker-1] INFO  c.m.s.m.service.UpfileService - Backup file successfully.
2025-11-03 22:10:20.154 [ForkJoinPool.commonPool-worker-1] INFO  c.m.s.m.service.UpfileService - Starting up file.
2025-11-03 22:10:20.166 [ForkJoinPool.commonPool-worker-1] INFO  c.m.s.m.service.UpfileService - Upload file successfully!
2025-11-03 22:21:28.145 [ForkJoinPool.commonPool-worker-1] INFO  c.m.s.m.service.UpfileService - Upload file.
2025-11-03 22:21:28.544 [ForkJoinPool.commonPool-worker-1] INFO  c.m.s.m.service.UpfileService - status: -1
2025-11-03 22:21:28.571 [ForkJoinPool.commonPool-worker-1] INFO  c.m.s.m.service.UpfileService - Backup file successfully.
2025-11-03 22:21:32.660 [ForkJoinPool.commonPool-worker-1] INFO  c.m.s.m.service.UpfileService - Starting up file.
2025-11-03 22:21:32.666 [ForkJoinPool.commonPool-worker-1] INFO  c.m.s.m.service.UpfileService - Upload file successfully!
2025-11-03 22:24:32.085 [main] INFO  c.m.s.m.service.UpfileService - Upload file.
2025-11-03 22:24:32.247 [ForkJoinPool.commonPool-worker-1] INFO  c.m.s.m.service.UpfileService - status: -1
2025-11-03 22:24:32.272 [ForkJoinPool.commonPool-worker-1] INFO  c.m.s.m.service.UpfileService - Backup file successfully.
2025-11-03 22:24:36.458 [ForkJoinPool.commonPool-worker-1] INFO  c.m.s.m.service.UpfileService - Starting up file.
2025-11-03 22:24:36.462 [ForkJoinPool.commonPool-worker-1] INFO  c.m.s.m.service.UpfileService - Upload file successfully!
2025-11-03 22:45:23.741 [ForkJoinPool.commonPool-worker-1] INFO  c.m.s.m.service.UpfileService - Upload file.
2025-11-03 22:45:24.093 [ForkJoinPool.commonPool-worker-1] INFO  c.m.s.m.service.UpfileService - status: -1
2025-11-03 22:45:24.114 [ForkJoinPool.commonPool-worker-1] INFO  c.m.s.m.service.UpfileService - Backup file successfully.
2025-11-03 22:45:28.359 [ForkJoinPool.commonPool-worker-1] INFO  c.m.s.m.service.UpfileService - Starting up file.
2025-11-03 22:45:28.374 [ForkJoinPool.commonPool-worker-1] INFO  c.m.s.m.service.UpfileService - Upload file successfully!
2025-11-03 22:55:27.772 [ForkJoinPool.commonPool-worker-1] INFO  c.m.s.m.service.UpfileService - Upload file.
2025-11-03 22:55:28.236 [ForkJoinPool.commonPool-worker-1] INFO  c.m.s.m.service.UpfileService - status: -1
2025-11-03 22:55:28.262 [ForkJoinPool.commonPool-worker-1] INFO  c.m.s.m.service.UpfileService - Backup file successfully.
2025-11-03 22:55:32.952 [ForkJoinPool.commonPool-worker-1] INFO  c.m.s.m.service.UpfileService - Starting up file.
2025-11-03 22:55:32.958 [ForkJoinPool.commonPool-worker-1] INFO  c.m.s.m.service.UpfileService - Upload file successfully!
2025-11-03 22:58:38.179 [ForkJoinPool.commonPool-worker-1] INFO  c.m.s.m.service.UpfileService - Upload file.
2025-11-03 22:58:38.564 [ForkJoinPool.commonPool-worker-1] INFO  c.m.s.m.service.UpfileService - status: -1
2025-11-03 22:58:38.584 [ForkJoinPool.commonPool-worker-1] INFO  c.m.s.m.service.UpfileService - Backup file successfully.
2025-11-03 22:58:47.139 [ForkJoinPool.commonPool-worker-1] INFO  c.m.s.m.service.UpfileService - Starting up file.
2025-11-03 22:58:47.155 [ForkJoinPool.commonPool-worker-1] INFO  c.m.s.m.service.UpfileService - Upload file successfully!
2025-11-03 23:13:51.531 [ForkJoinPool.commonPool-worker-1] INFO  c.m.s.m.service.UpfileService - Upload file.
2025-11-03 23:13:51.880 [ForkJoinPool.commonPool-worker-1] INFO  c.m.s.m.service.UpfileService - status: -1
2025-11-03 23:13:51.909 [ForkJoinPool.commonPool-worker-1] INFO  c.m.s.m.service.UpfileService - Backup file successfully.
2025-11-03 23:13:56.335 [ForkJoinPool.commonPool-worker-1] INFO  c.m.s.m.service.UpfileService - Starting up file.
2025-11-03 23:13:56.360 [ForkJoinPool.commonPool-worker-1] INFO  c.m.s.m.service.UpfileService - Upload file successfully!
2025-11-03 23:15:02.097 [ForkJoinPool.commonPool-worker-1] INFO  c.m.s.m.service.UpfileService - Upload file.
2025-11-03 23:15:02.472 [ForkJoinPool.commonPool-worker-1] INFO  c.m.s.m.service.UpfileService - status: -1
2025-11-03 23:15:02.497 [ForkJoinPool.commonPool-worker-1] INFO  c.m.s.m.service.UpfileService - Backup file successfully.
2025-11-03 23:15:07.868 [ForkJoinPool.commonPool-worker-1] INFO  c.m.s.m.service.UpfileService - Starting up file.
2025-11-03 23:15:07.872 [ForkJoinPool.commonPool-worker-1] INFO  c.m.s.m.service.UpfileService - Upload file successfully!
2025-11-03 23:17:47.954 [ForkJoinPool.commonPool-worker-1] INFO  c.m.s.m.service.UpfileService - Upload file.
2025-11-03 23:17:48.361 [ForkJoinPool.commonPool-worker-1] INFO  c.m.s.m.service.UpfileService - status: -1
2025-11-03 23:17:48.388 [ForkJoinPool.commonPool-worker-1] INFO  c.m.s.m.service.UpfileService - Backup file successfully.
2025-11-03 23:17:52.472 [ForkJoinPool.commonPool-worker-1] INFO  c.m.s.m.service.UpfileService - Starting up file.
2025-11-03 23:17:52.477 [ForkJoinPool.commonPool-worker-1] INFO  c.m.s.m.service.UpfileService - Upload file successfully!
2025-11-03 23:18:23.966 [ForkJoinPool.commonPool-worker-1] INFO  c.m.s.m.service.UpfileService - Upload file.
2025-11-03 23:18:24.313 [ForkJoinPool.commonPool-worker-1] INFO  c.m.s.m.service.UpfileService - status: -1
2025-11-03 23:18:24.337 [ForkJoinPool.commonPool-worker-1] INFO  c.m.s.m.service.UpfileService - Backup file successfully.
2025-11-03 23:18:28.178 [ForkJoinPool.commonPool-worker-1] INFO  c.m.s.m.service.UpfileService - Starting up file.
2025-11-03 23:18:28.183 [ForkJoinPool.commonPool-worker-1] INFO  c.m.s.m.service.UpfileService - Upload file successfully!
