2025-10-14 10:42:22.800 [ForkJoinPool.commonPool-worker-1] INFO  c.m.s.m.service.UpfileService - Upload file.
2025-10-14 10:42:23.297 [ForkJoinPool.commonPool-worker-1] INFO  c.m.s.m.service.UpfileService - status: -1
2025-10-14 10:42:23.320 [ForkJoinPool.commonPool-worker-1] INFO  c.m.s.m.service.UpfileService - Backup file successfully.
2025-10-14 10:42:27.453 [ForkJoinPool.commonPool-worker-1] INFO  c.m.s.m.service.UpfileService - Starting up file.
2025-10-14 10:42:32.226 [ForkJoinPool.commonPool-worker-1] INFO  c.m.s.m.service.UpfileService - Upload file successfully!
2025-10-14 10:54:40.382 [ForkJoinPool.commonPool-worker-1] INFO  c.m.s.m.service.UpfileService - Upload file.
2025-10-14 10:54:40.894 [ForkJoinPool.commonPool-worker-1] INFO  c.m.s.m.service.UpfileService - status: -1
2025-10-14 10:54:40.914 [ForkJoinPool.commonPool-worker-1] INFO  c.m.s.m.service.UpfileService - Backup file successfully.
2025-10-14 10:54:45.063 [ForkJoinPool.commonPool-worker-1] INFO  c.m.s.m.service.UpfileService - Starting up file.
2025-10-14 10:54:47.627 [ForkJoinPool.commonPool-worker-1] INFO  c.m.s.m.service.UpfileService - Upload file successfully!
2025-10-14 10:55:58.512 [ForkJoinPool.commonPool-worker-1] INFO  c.m.s.m.service.UpfileService - Upload file.
2025-10-14 10:55:58.884 [ForkJoinPool.commonPool-worker-1] INFO  c.m.s.m.service.UpfileService - status: -1
2025-10-14 10:55:58.903 [ForkJoinPool.commonPool-worker-1] INFO  c.m.s.m.service.UpfileService - Backup file successfully.
2025-10-14 10:56:01.273 [ForkJoinPool.commonPool-worker-1] INFO  c.m.s.m.service.UpfileService - Upload file.
2025-10-14 10:56:06.470 [ForkJoinPool.commonPool-worker-1] INFO  c.m.s.m.service.UpfileService - Upload file.
2025-10-14 10:56:06.946 [ForkJoinPool.commonPool-worker-1] INFO  c.m.s.m.service.UpfileService - status: -1
2025-10-14 10:56:06.968 [ForkJoinPool.commonPool-worker-1] INFO  c.m.s.m.service.UpfileService - Backup file successfully.
2025-10-14 10:56:10.709 [ForkJoinPool.commonPool-worker-1] INFO  c.m.s.m.service.UpfileService - Starting up file.
2025-10-14 10:56:10.725 [ForkJoinPool.commonPool-worker-1] INFO  c.m.s.m.service.UpfileService - Upload file successfully!
2025-10-14 10:56:57.811 [ForkJoinPool.commonPool-worker-1] INFO  c.m.s.m.service.UpfileService - Upload file.
2025-10-14 10:56:58.240 [ForkJoinPool.commonPool-worker-1] INFO  c.m.s.m.service.UpfileService - status: -1
2025-10-14 10:56:58.265 [ForkJoinPool.commonPool-worker-1] INFO  c.m.s.m.service.UpfileService - Backup file successfully.
2025-10-14 10:57:01.887 [ForkJoinPool.commonPool-worker-1] INFO  c.m.s.m.service.UpfileService - Starting up file.
2025-10-14 10:57:01.906 [ForkJoinPool.commonPool-worker-1] INFO  c.m.s.m.service.UpfileService - Upload file successfully!
2025-10-14 11:03:46.400 [ForkJoinPool.commonPool-worker-1] INFO  c.m.s.m.service.UpfileService - Upload file.
2025-10-14 11:03:47.557 [ForkJoinPool.commonPool-worker-1] INFO  c.m.s.m.service.UpfileService - status: -1
2025-10-14 11:03:47.741 [ForkJoinPool.commonPool-worker-1] INFO  c.m.s.m.service.UpfileService - Backup file successfully.
2025-10-14 11:03:54.484 [ForkJoinPool.commonPool-worker-1] INFO  c.m.s.m.service.UpfileService - Starting up file.
2025-10-14 11:03:54.499 [ForkJoinPool.commonPool-worker-1] INFO  c.m.s.m.service.UpfileService - Upload file successfully!
2025-10-14 11:10:07.293 [ForkJoinPool.commonPool-worker-1] INFO  c.m.s.m.service.UpfileService - Upload file.
2025-10-14 11:10:07.912 [ForkJoinPool.commonPool-worker-1] INFO  c.m.s.m.service.UpfileService - status: -1
2025-10-14 11:10:07.942 [ForkJoinPool.commonPool-worker-1] INFO  c.m.s.m.service.UpfileService - Backup file successfully.
2025-10-14 11:10:11.986 [ForkJoinPool.commonPool-worker-1] INFO  c.m.s.m.service.UpfileService - Starting up file.
2025-10-14 11:10:11.992 [ForkJoinPool.commonPool-worker-1] INFO  c.m.s.m.service.UpfileService - Upload file successfully!
2025-10-14 11:14:14.771 [ForkJoinPool.commonPool-worker-1] INFO  c.m.s.m.service.UpfileService - Upload file.
2025-10-14 11:14:15.477 [ForkJoinPool.commonPool-worker-1] INFO  c.m.s.m.service.UpfileService - status: -1
2025-10-14 11:14:15.511 [ForkJoinPool.commonPool-worker-1] INFO  c.m.s.m.service.UpfileService - Backup file successfully.
2025-10-14 11:14:19.653 [ForkJoinPool.commonPool-worker-1] INFO  c.m.s.m.service.UpfileService - Starting up file.
2025-10-14 11:14:19.670 [ForkJoinPool.commonPool-worker-1] INFO  c.m.s.m.service.UpfileService - Upload file successfully!
2025-10-14 11:15:30.107 [ForkJoinPool.commonPool-worker-1] INFO  c.m.s.m.service.UpfileService - Upload file.
2025-10-14 11:15:30.578 [ForkJoinPool.commonPool-worker-1] INFO  c.m.s.m.service.UpfileService - status: -1
2025-10-14 11:15:30.605 [ForkJoinPool.commonPool-worker-1] INFO  c.m.s.m.service.UpfileService - Backup file successfully.
2025-10-14 11:15:35.770 [ForkJoinPool.commonPool-worker-1] INFO  c.m.s.m.service.UpfileService - Starting up file.
2025-10-14 11:15:35.791 [ForkJoinPool.commonPool-worker-1] INFO  c.m.s.m.service.UpfileService - Upload file successfully!
2025-10-14 12:23:17.086 [ForkJoinPool.commonPool-worker-1] INFO  c.m.s.m.service.UpfileService - Upload file.
2025-10-14 12:23:17.537 [ForkJoinPool.commonPool-worker-1] INFO  c.m.s.m.service.UpfileService - status: -1
2025-10-14 12:23:17.555 [ForkJoinPool.commonPool-worker-1] INFO  c.m.s.m.service.UpfileService - Backup file successfully.
2025-10-14 12:23:21.277 [ForkJoinPool.commonPool-worker-1] INFO  c.m.s.m.service.UpfileService - Starting up file.
2025-10-14 12:23:21.291 [ForkJoinPool.commonPool-worker-1] INFO  c.m.s.m.service.UpfileService - Upload file successfully!
2025-10-14 12:28:46.985 [ForkJoinPool.commonPool-worker-1] INFO  c.m.s.m.service.UpfileService - Upload file.
2025-10-14 12:28:47.469 [ForkJoinPool.commonPool-worker-1] INFO  c.m.s.m.service.UpfileService - status: -1
2025-10-14 12:28:47.490 [ForkJoinPool.commonPool-worker-1] INFO  c.m.s.m.service.UpfileService - Backup file successfully.
2025-10-14 12:28:53.602 [ForkJoinPool.commonPool-worker-1] INFO  c.m.s.m.service.UpfileService - Starting up file.
2025-10-14 12:28:53.620 [ForkJoinPool.commonPool-worker-1] INFO  c.m.s.m.service.UpfileService - Upload file successfully!
2025-10-14 12:43:16.517 [ForkJoinPool.commonPool-worker-1] INFO  c.m.s.m.service.UpfileService - Upload file.
2025-10-14 12:43:17.007 [ForkJoinPool.commonPool-worker-1] INFO  c.m.s.m.service.UpfileService - status: -1
2025-10-14 12:43:17.027 [ForkJoinPool.commonPool-worker-1] INFO  c.m.s.m.service.UpfileService - Backup file successfully.
2025-10-14 12:43:20.744 [ForkJoinPool.commonPool-worker-1] INFO  c.m.s.m.service.UpfileService - Starting up file.
2025-10-14 12:43:20.762 [ForkJoinPool.commonPool-worker-1] INFO  c.m.s.m.service.UpfileService - Upload file successfully!
2025-10-14 12:47:44.937 [ForkJoinPool.commonPool-worker-1] INFO  c.m.s.m.service.UpfileService - Upload file.
2025-10-14 12:47:45.426 [ForkJoinPool.commonPool-worker-1] INFO  c.m.s.m.service.UpfileService - status: -1
2025-10-14 12:47:45.468 [ForkJoinPool.commonPool-worker-1] INFO  c.m.s.m.service.UpfileService - Backup file successfully.
2025-10-14 12:47:49.160 [ForkJoinPool.commonPool-worker-1] INFO  c.m.s.m.service.UpfileService - Starting up file.
2025-10-14 12:47:49.164 [ForkJoinPool.commonPool-worker-1] INFO  c.m.s.m.service.UpfileService - Upload file successfully!
2025-10-14 12:55:06.341 [ForkJoinPool.commonPool-worker-1] INFO  c.m.s.m.service.UpfileService - Upload file.
2025-10-14 12:55:06.920 [ForkJoinPool.commonPool-worker-1] INFO  c.m.s.m.service.UpfileService - status: -1
2025-10-14 12:55:06.948 [ForkJoinPool.commonPool-worker-1] INFO  c.m.s.m.service.UpfileService - Backup file successfully.
2025-10-14 12:55:11.098 [ForkJoinPool.commonPool-worker-1] INFO  c.m.s.m.service.UpfileService - Starting up file.
2025-10-14 12:55:11.117 [ForkJoinPool.commonPool-worker-1] INFO  c.m.s.m.service.UpfileService - Upload file successfully!
2025-10-14 14:52:02.874 [ForkJoinPool.commonPool-worker-1] INFO  c.m.s.m.service.UpfileService - Upload file.
2025-10-14 14:52:03.218 [ForkJoinPool.commonPool-worker-1] INFO  c.m.s.m.service.UpfileService - status: -1
2025-10-14 14:52:03.247 [ForkJoinPool.commonPool-worker-1] INFO  c.m.s.m.service.UpfileService - Backup file successfully.
2025-10-14 14:52:07.159 [ForkJoinPool.commonPool-worker-1] INFO  c.m.s.m.service.UpfileService - Starting up file.
2025-10-14 14:52:07.178 [ForkJoinPool.commonPool-worker-1] INFO  c.m.s.m.service.UpfileService - Upload file successfully!
2025-10-14 16:22:20.798 [ForkJoinPool.commonPool-worker-1] INFO  c.m.s.m.service.UpfileService - Upload file.
2025-10-14 16:22:21.189 [ForkJoinPool.commonPool-worker-1] INFO  c.m.s.m.service.UpfileService - status: -1
2025-10-14 16:22:21.216 [ForkJoinPool.commonPool-worker-1] INFO  c.m.s.m.service.UpfileService - Backup file successfully.
2025-10-14 16:22:30.245 [ForkJoinPool.commonPool-worker-1] INFO  c.m.s.m.service.UpfileService - Starting up file.
2025-10-14 16:22:30.263 [ForkJoinPool.commonPool-worker-1] INFO  c.m.s.m.service.UpfileService - Upload file successfully!
2025-10-14 16:25:07.557 [main] INFO  c.m.s.m.service.UpfileService - Upload file.
2025-10-14 16:25:07.715 [ForkJoinPool.commonPool-worker-1] INFO  c.m.s.m.service.UpfileService - status: -1
2025-10-14 16:25:07.741 [ForkJoinPool.commonPool-worker-1] INFO  c.m.s.m.service.UpfileService - Backup file successfully.
2025-10-14 16:25:11.435 [ForkJoinPool.commonPool-worker-1] INFO  c.m.s.m.service.UpfileService - Starting up file.
2025-10-14 16:25:11.441 [ForkJoinPool.commonPool-worker-1] INFO  c.m.s.m.service.UpfileService - Upload file successfully!
2025-10-14 16:27:09.056 [ForkJoinPool.commonPool-worker-1] INFO  c.m.s.m.service.UpfileService - Upload file.
2025-10-14 16:27:09.459 [ForkJoinPool.commonPool-worker-1] INFO  c.m.s.m.service.UpfileService - status: -1
2025-10-14 16:27:09.481 [ForkJoinPool.commonPool-worker-1] INFO  c.m.s.m.service.UpfileService - Backup file successfully.
2025-10-14 16:27:13.110 [ForkJoinPool.commonPool-worker-1] INFO  c.m.s.m.service.UpfileService - Starting up file.
2025-10-14 16:27:13.135 [ForkJoinPool.commonPool-worker-1] INFO  c.m.s.m.service.UpfileService - Upload file successfully!
