2025-10-01 22:41:03.996 [ForkJoinPool.commonPool-worker-1] INFO  c.m.s.m.service.UpfileService - Upload file.
2025-10-01 22:41:04.450 [ForkJoinPool.commonPool-worker-1] INFO  c.m.s.m.service.UpfileService - status: -1
2025-10-01 22:41:04.478 [ForkJoinPool.commonPool-worker-1] INFO  c.m.s.m.service.UpfileService - Backup file successfully.
2025-10-01 22:41:17.404 [ForkJoinPool.commonPool-worker-1] INFO  c.m.s.m.service.UpfileService - Starting up file.
2025-10-01 22:41:17.426 [ForkJoinPool.commonPool-worker-1] INFO  c.m.s.m.service.UpfileService - Upload file successfully!
2025-10-01 23:06:38.175 [ForkJoinPool.commonPool-worker-1] INFO  c.m.s.m.service.UpfileService - Upload file.
2025-10-01 23:06:38.671 [ForkJoinPool.commonPool-worker-1] INFO  c.m.s.m.service.UpfileService - status: -1
2025-10-01 23:06:38.703 [ForkJoinPool.commonPool-worker-1] INFO  c.m.s.m.service.UpfileService - Backup file successfully.
2025-10-01 23:06:44.542 [ForkJoinPool.commonPool-worker-1] INFO  c.m.s.m.service.UpfileService - Starting up file.
2025-10-01 23:06:44.563 [ForkJoinPool.commonPool-worker-1] INFO  c.m.s.m.service.UpfileService - Upload file successfully!
2025-10-01 23:15:24.181 [ForkJoinPool.commonPool-worker-1] INFO  c.m.s.m.service.UpfileService - Upload file.
2025-10-01 23:15:24.580 [ForkJoinPool.commonPool-worker-1] INFO  c.m.s.m.service.UpfileService - status: -1
2025-10-01 23:15:24.608 [ForkJoinPool.commonPool-worker-1] INFO  c.m.s.m.service.UpfileService - Backup file successfully.
2025-10-01 23:15:28.246 [ForkJoinPool.commonPool-worker-1] INFO  c.m.s.m.service.UpfileService - Starting up file.
2025-10-01 23:15:28.276 [ForkJoinPool.commonPool-worker-1] INFO  c.m.s.m.service.UpfileService - Upload file successfully!
2025-10-01 23:22:01.786 [ForkJoinPool.commonPool-worker-1] INFO  c.m.s.m.service.UpfileService - Upload file.
2025-10-01 23:22:02.315 [ForkJoinPool.commonPool-worker-1] INFO  c.m.s.m.service.UpfileService - status: -1
2025-10-01 23:22:02.344 [ForkJoinPool.commonPool-worker-1] INFO  c.m.s.m.service.UpfileService - Backup file successfully.
2025-10-01 23:22:06.405 [ForkJoinPool.commonPool-worker-1] INFO  c.m.s.m.service.UpfileService - Starting up file.
2025-10-01 23:22:06.428 [ForkJoinPool.commonPool-worker-1] INFO  c.m.s.m.service.UpfileService - Upload file successfully!
2025-10-01 23:28:52.615 [ForkJoinPool.commonPool-worker-1] INFO  c.m.s.m.service.UpfileService - Upload file.
2025-10-01 23:28:53.056 [ForkJoinPool.commonPool-worker-1] INFO  c.m.s.m.service.UpfileService - status: -1
2025-10-01 23:28:53.081 [ForkJoinPool.commonPool-worker-1] INFO  c.m.s.m.service.UpfileService - Backup file successfully.
2025-10-01 23:28:56.669 [ForkJoinPool.commonPool-worker-1] INFO  c.m.s.m.service.UpfileService - Starting up file.
2025-10-01 23:28:56.730 [ForkJoinPool.commonPool-worker-1] INFO  c.m.s.m.service.UpfileService - Upload file successfully!
2025-10-01 23:29:12.961 [ForkJoinPool.commonPool-worker-1] INFO  c.m.s.m.service.UpfileService - Upload file.
2025-10-01 23:29:13.410 [ForkJoinPool.commonPool-worker-1] INFO  c.m.s.m.service.UpfileService - status: -1
2025-10-01 23:29:13.434 [ForkJoinPool.commonPool-worker-1] INFO  c.m.s.m.service.UpfileService - Backup file successfully.
2025-10-01 23:29:17.668 [ForkJoinPool.commonPool-worker-1] INFO  c.m.s.m.service.UpfileService - Starting up file.
2025-10-01 23:29:17.689 [ForkJoinPool.commonPool-worker-1] INFO  c.m.s.m.service.UpfileService - Upload file successfully!
2025-10-01 23:47:40.092 [ForkJoinPool.commonPool-worker-1] INFO  c.m.s.m.service.UpfileService - Upload file.
2025-10-01 23:47:40.573 [ForkJoinPool.commonPool-worker-1] INFO  c.m.s.m.service.UpfileService - status: -1
2025-10-01 23:47:40.592 [ForkJoinPool.commonPool-worker-1] INFO  c.m.s.m.service.UpfileService - Backup file successfully.
2025-10-01 23:47:44.394 [ForkJoinPool.commonPool-worker-1] INFO  c.m.s.m.service.UpfileService - Starting up file.
2025-10-01 23:47:44.424 [ForkJoinPool.commonPool-worker-1] INFO  c.m.s.m.service.UpfileService - Upload file successfully!
2025-10-01 23:50:06.220 [ForkJoinPool.commonPool-worker-1] INFO  c.m.s.m.service.UpfileService - Upload file.
2025-10-01 23:50:06.635 [ForkJoinPool.commonPool-worker-1] INFO  c.m.s.m.service.UpfileService - status: -1
2025-10-01 23:50:06.667 [ForkJoinPool.commonPool-worker-1] INFO  c.m.s.m.service.UpfileService - Backup file successfully.
2025-10-01 23:50:10.143 [ForkJoinPool.commonPool-worker-1] INFO  c.m.s.m.service.UpfileService - Starting up file.
2025-10-01 23:50:10.166 [ForkJoinPool.commonPool-worker-1] INFO  c.m.s.m.service.UpfileService - Upload file successfully!
2025-10-01 23:53:50.991 [ForkJoinPool.commonPool-worker-1] INFO  c.m.s.m.service.UpfileService - Upload file.
2025-10-01 23:53:51.434 [ForkJoinPool.commonPool-worker-1] INFO  c.m.s.m.service.UpfileService - status: -1
2025-10-01 23:53:51.456 [ForkJoinPool.commonPool-worker-1] INFO  c.m.s.m.service.UpfileService - Backup file successfully.
2025-10-01 23:53:54.556 [ForkJoinPool.commonPool-worker-1] INFO  c.m.s.m.service.UpfileService - Starting up file.
2025-10-01 23:53:54.581 [ForkJoinPool.commonPool-worker-1] INFO  c.m.s.m.service.UpfileService - Upload file successfully!
2025-10-01 23:56:54.348 [ForkJoinPool.commonPool-worker-1] INFO  c.m.s.m.service.UpfileService - Upload file.
2025-10-01 23:56:54.833 [ForkJoinPool.commonPool-worker-1] INFO  c.m.s.m.service.UpfileService - status: -1
2025-10-01 23:56:54.858 [ForkJoinPool.commonPool-worker-1] INFO  c.m.s.m.service.UpfileService - Backup file successfully.
2025-10-01 23:56:58.572 [ForkJoinPool.commonPool-worker-1] INFO  c.m.s.m.service.UpfileService - Starting up file.
2025-10-01 23:56:58.594 [ForkJoinPool.commonPool-worker-1] INFO  c.m.s.m.service.UpfileService - Upload file successfully!
